
> campushub-app@0.1.0 build
> next build

node.exe : ΓÜá 
Warning: Next.js 
inferred your 
workspace root, but it 
may not be correct.
At line:1 char:1
+ & "C:\Program 
Files\nodejs/node.exe" 
"C:\Program 
Files\nodejs/node_mo 
...
+ ~~~~~~~~~~~~~~~~~~~~~
~~~~~~~~~~~~~~~~~~~~~~~
~~~~~~~~~~~~~~~~~~~~~~~
~~
    + CategoryInfo     
         : NotSpecifi  
  ed: (ΓÜá Warning:    
 Ne...not be correc    
t.:String) [], Rem    
oteException
    + FullyQualifiedEr 
   rorId : NativeComm  
  andError
 
 We detected multiple 
lockfiles and selected 
the directory of 
C:\Users\TARUN KUMAR\pa
ckage-lock.json as the 
root directory.
 To silence this 
warning, set 
`turbopack.root` in 
your Next.js config, 
or consider removing 
one of the lockfiles 
if it's not needed.
   See https://nextjs.o
rg/docs/app/api-referen
ce/config/next-config-j
s/turbopack#root-direct
ory for more 
information.
 Detected additional 
lockfiles: 
   * C:\Users\TARUN KUM
AR\Downloads\b-tech\cam
pusHub project\package-
lock.json

Γû▓ Next.js 16.1.6 (Turbopack)
- Environments: .env

ΓÜá The "middleware" 
file convention is 
deprecated. Please use 
"proxy" instead. Learn 
more: https://nextjs.or
g/docs/messages/middlew
are-to-proxy
  Creating an optimized production build ...

> Build error occurred
Error: Turbopack build 
failed with 1 errors:
./Downloads/b-tech/camp
usHub project/node_modu
les/@prisma/client/defa
ult.js:2:6
Module not found: 
Can't resolve '.prisma/
client/default'
[0m [90m 1 |[39m mod
ule[33m.[39mexports 
[33m=[39m {
[31m[1m>[22m[39m[9
0m 2 |[39m   [33m...
[39mrequire([32m'.pris
ma/client/default'[39m
)[33m,[39m
 [90m   |[39m      [
31m[1m^[22m[39m[31m
[1m^[22m[39m[31m[1
m^[22m[39m[31m[1m^
[22m[39m[31m[1m^[22
m[39m[31m[1m^[22m[
39m[31m[1m^[22m[39m
[31m[1m^[22m[39m[3
1m[1m^[22m[39m[31m
[1m^[22m[39m[31m[1m
^[22m[39m[31m[1m^[
22m[39m[31m[1m^[22m
[39m[31m[1m^[22m[3
9m[31m[1m^[22m[39m
[31m[1m^[22m[39m[31
m[1m^[22m[39m[31m[
1m^[22m[39m[31m[1m^
[22m[39m[31m[1m^[2
2m[39m[31m[1m^[22m
[39m[31m[1m^[22m[39
m[31m[1m^[22m[39m[
31m[1m^[22m[39m[31m
[1m^[22m[39m[31m[1
m^[22m[39m[31m[1m^
[22m[39m[31m[1m^[22
m[39m[31m[1m^[22m[
39m[31m[1m^[22m[39m
[31m[1m^[22m[39m[3
1m[1m^[22m[39m[31m
[1m^[22m[39m
 [90m 3 |[39m }
 [90m 4 |[39m[0m



Import traces:
  Edge Middleware:
    ./Downloads/b-tech/
campusHub project/node_
modules/@prisma/client/
default.js
    ./Downloads/b-tech/
campusHub project/src/l
ib/prisma.ts
    ./Downloads/b-tech/
campusHub 
project/src/auth.ts
    ./Downloads/b-tech/
campusHub project/src/m
iddleware.ts

  externals-tracing:
    ./Downloads/b-tech/
campusHub project/node_
modules/@prisma/client/
default.js 
[externals-tracing]
    [externals]/@prisma
/client [external]
    ./Downloads/b-tech/
campusHub project/src/l
ib/prisma.ts [App 
Route]
    ./Downloads/b-tech/
campusHub 
project/src/auth.ts 
[App Route]
    ./Downloads/b-tech/
campusHub project/src/a
pp/api/auth/[...nextaut
h]/route.ts [App Route]

https://nextjs.org/docs
/messages/module-not-fo
und


    at ./Downloads/b-te
ch/campusHub 
project/node_modules/ (
prisma/client/default.j
s:2:6)
    at <unknown> (https
://nextjs.org/docs/mess
ages/module-not-found)
